// Jest Snapshot v1, https://goo.gl/fbAQLP

exports[`Locations item should render correctly 1`] = `
<div>
  <li
    class="locations__item"
  >
    <a
      class="locations__item-link tabs__item tabs__item--active"
      href="#"
    >
      <span>
        Paris
      </span>
    </a>
  </li>
</div>
`;
