// Jest Snapshot v1, https://goo.gl/fbAQLP

exports[`Form textarea should render correctly 1`] = `
<div>
  <textarea
    class="reviews__textarea form__textarea"
    disabled=""
    id="review"
    maxlength="300"
    minlength="50"
    name="review"
    placeholder="Tell how was your stay, what you like and what can be improved"
  >
    Mock value
  </textarea>
</div>
`;
